HI-TECH Software C Compiler 

Linker command line:

--edf=C:\Program Files (x86)\HI-TECH Software\PICC\PRO\9.65\dat\en_msgs.txt \
  -cs -h+adc_temp.sym -z -Q16F877A -ol.obj -Madc_temp.map -E1 \
  -ACODE=00h-07FFhx4 -ACONST=00h-0FFhx32 -AENTRY=00h-0FFhx32 \
  -ASTRING=00h-0FFhx32 -ARAM=020h-06Fh,0A0h-0EFh,0110h-016Fh,0190h-01EFh \
  -AABS1=020h-07Fh,0A0h-0EFh,0110h-016Fh,0190h-01EFh -ABANK0=020h-07Fh \
  -ABANK1=0A0h-0EFh -ABANK2=0110h-016Fh -ABANK3=0190h-01EFh \
  -ACOMMON=070h-07Fh \
  -preset_vec=00h,intentry,intcode,intret,init,init23,end_init,clrtext,maintext,pstrings \
  -pstrings=CODE -ppowerup=CODE -ptemp=-COMMON -pcommon=-COMMON \
  -prbss_0=BANK0,rbit_0=BANK0,rdata_0=BANK0,idata_0=CODE -pnvram=BANK0 \
  -prbss_1=BANK1,rbit_1=BANK1,rdata_1=BANK1,idata_1=CODE \
  -pnvram_1=BANK1,nvbit_1=BANK1 \
  -prbss_2=BANK2,rbit_2=BANK2,rdata_2=BANK2,idata_2=CODE \
  -pnvram_2=BANK2,nvbit_2=BANK2 \
  -prbss_3=BANK3,rbit_3=BANK3,rdata_3=BANK3,idata_3=CODE \
  -pnvram_3=BANK3,nvbit_3=BANK3 -pidata=CODE -pfnautoc=COMMON \
  -pfnauto0=BANK0 -pfnauto1=BANK1 -pfnauto2=BANK2 -pfnauto3=BANK3 \
  -ACONFIG=02007h-02007h -pconfig=CONFIG -DCONFIG=2 -AIDLOC=02000h-02003h \
  -pidloc=IDLOC -DIDLOC=2 -AEEDATA=00h-0FFh/02100h -peeprom_data=EEDATA \
  -DEEDATA=2 -pfloat_text0=CODE,float_text1=CODE,float_text2=CODE \
  -pfloat_text3=CODE,float_text4=CODE -DCODE=2 startup.obj adc_temp.obj 

Object code version is 3.10

Machine type is 16F877A

Call graph: (short form)




                Name          Link     Load   Length Selector   Space       Scale
startup.obj     clrtext          D        D        8       0     0
                end_init         9        9        4       0     0
                init             0        0        9       0     0
adc_temp.obj    strings        700      700       1D       E     0
                maintext        15       15      1DC       0     0
                config        2007     2007        1    400E     0
                text113        3A5      3A5       46     74A     0
                text114        3EB      3EB       49     7D6     0
                text111        434      434       4E     868     0
                text112        521      521       5A     A42     0
                text115        7E3      7E3        B       E     0
                text116        71D      71D       C6       E     0
                text110        347      347       2A     68E     0
                text104        4D1      4D1       50     9A2     0
                text105        5EA      5EA       73     BD4     0
                text108        371      371       34     6E2     0
                text109        57B      57B       6F     AF6     0
                text106        482      482       4F     904     0
                text107        65D      65D       A3     CBA     0

COMMON          fnauto0         20       20       2B      20     1

TOTAL           Name          Link     Load   Length     Space
        CLASS   CODE           
                clrtext          D        D        8     0
                strings        700      700       1D     0
                end_init         9        9        4     0
                init             0        0        9     0
                maintext        15       15      1DC     0
                text113        3A5      3A5       46     0
                text114        3EB      3EB       49     0
                text111        434      434       4E     0
                text112        521      521       5A     0
                text115        7E3      7E3        B     0
                text116        71D      71D       C6     0
                text110        347      347       2A     0
                text104        4D1      4D1       50     0
                text105        5EA      5EA       73     0
                text108        371      371       34     0
                text109        57B      57B       6F     0
                text106        482      482       4F     0
                text107        65D      65D       A3     0

        CLASS   CONST          

        CLASS   ENTRY          

        CLASS   STRING         

        CLASS   RAM            

        CLASS   ABS1           
                abs_s1          7D       7D        3     1

        CLASS   BANK0          
                fnauto0         20       20       2B     1

        CLASS   BANK1          

        CLASS   BANK2          

        CLASS   BANK3          

        CLASS   COMMON         

        CLASS   CONFIG         
                config        2007     2007        1     0

        CLASS   IDLOC          

        CLASS   EEDATA         



SEGMENTS        Name            Load    Length   Top    Selector    Space      Class      Delta

                reset_vec       000000  0001F1  0001F1         0       0  CODE        2
                fnauto0         000020  00002B  00004B        20       1  BANK0       1
                text110         000347  00002A  000371       68E       0  CODE        2
                text108         000371  000034  0003A5       6E2       0  CODE        2
                text113         0003A5  000046  0003EB       74A       0  CODE        2
                text114         0003EB  000049  000434       7D6       0  CODE        2
                text111         000434  00004E  000482       868       0  CODE        2
                text106         000482  00004F  0004D1       904       0  CODE        2
                text104         0004D1  000050  000521       9A2       0  CODE        2
                text112         000521  00005A  00057B       A42       0  CODE        2
                text109         00057B  00006F  0005EA       AF6       0  CODE        2
                text105         0005EA  000073  00065D       BD4       0  CODE        2
                text107         00065D  0000A3  000700       CBA       0  CODE        2
                strings         000700  0000EE  0007EE         E       0  CODE        2
                config          002007  000001  002008      400E       0  CONFIG      2


UNUSED ADDRESS RANGES

        BANK0            004B-007C     1
        BANK1            00A0-00EF     1
        BANK2            0110-016F     1
        BANK3            0190-01EF     1
        CODE             01F1-0346     2
                         07EE-1FFF
        COMMON           0070-007C     1
        CONST            03E2-068D     1
                         0FDC-1FFF
        EEDATA           2100-21FF     2
        ENTRY            03E2-068D     1
                         0FDC-1FFF
        IDLOC            2000-2003     2
        STRING           03E2-068D     1
                         0FDC-1FFF

                                  Symbol Table

??___awtoft                  fnauto0     003A
??___ftmul                   fnauto0     003D
??___ftneg                   fnauto0     0043
??___ftpack                  fnauto0     0045
??___fttol                   fnauto0     003B
??___ftunpack                fnauto0     0045
??___lldiv                   fnauto0     003F
??___llmod                   fnauto0     003F
??___lltoft                  fnauto0     003B
??_lcd_init                  fnauto0     0037
??_lcd_write_byte            fnauto0     003A
??_lcd_write_command         fnauto0     0038
??_lcd_write_word            fnauto0     0037
??_main                      fnauto0     0020
?___awtoft                   fnauto0     0037
?___ftmul                    fnauto0     0037
?___ftneg                    fnauto0     0040
?___ftpack                   fnauto0     0044
?___fttol                    fnauto0     0037
?___ftunpack                 fnauto0     0044
?___lldiv                    fnauto0     0037
?___llmod                    fnauto0     0037
?___lltoft                   fnauto0     0037
?_lcd_init                   fnauto0     0037
?_lcd_write_byte             fnauto0     003A
?_lcd_write_command          fnauto0     0038
?_lcd_write_word             fnauto0     0037
?_main                       fnauto0     0020
_ACKDT                       (abs)       048D
_ACKEN                       (abs)       048C
_ACKSTAT                     (abs)       048E
_ADCON0                      (abs)       001F
_ADCON1                      (abs)       009F
_ADCS0                       (abs)       00FE
_ADCS1                       (abs)       00FF
_ADCS2                       (abs)       04FE
_ADDEN                       (abs)       00C3
_ADFM                        (abs)       04FF
_ADGO                        (abs)       00FA
_ADIE                        (abs)       0466
_ADIF                        (abs)       0066
_ADON                        (abs)       00F8
_ADRESH                      (abs)       001E
_ADRESL                      (abs)       009E
_BCLIE                       (abs)       046B
_BCLIF                       (abs)       006B
_BF                          (abs)       04A0
_BOR                         (abs)       0470
_BRGH                        (abs)       04C2
_C1INV                       (abs)       04E4
_C1OUT                       (abs)       04E6
_C2INV                       (abs)       04E5
_C2OUT                       (abs)       04E7
_CARRY                       (abs)       0018
_CCP1CON                     (abs)       0017
_CCP1IE                      (abs)       0462
_CCP1IF                      (abs)       0062
_CCP1M0                      (abs)       00B8
_CCP1M1                      (abs)       00B9
_CCP1M2                      (abs)       00BA
_CCP1M3                      (abs)       00BB
_CCP1X                       (abs)       00BD
_CCP1Y                       (abs)       00BC
_CCP2CON                     (abs)       001D
_CCP2IE                      (abs)       0468
_CCP2IF                      (abs)       0068
_CCP2M0                      (abs)       00E8
_CCP2M1                      (abs)       00E9
_CCP2M2                      (abs)       00EA
_CCP2M3                      (abs)       00EB
_CCP2X                       (abs)       00ED
_CCP2Y                       (abs)       00EC
_CCPR1H                      (abs)       0016
_CCPR1L                      (abs)       0015
_CCPR2H                      (abs)       001C
_CCPR2L                      (abs)       001B
_CHS0                        (abs)       00FB
_CHS1                        (abs)       00FC
_CHS2                        (abs)       00FD
_CIS                         (abs)       04E3
_CKE                         (abs)       04A6
_CKP                         (abs)       00A4
_CM0                         (abs)       04E0
_CM1                         (abs)       04E1
_CM2                         (abs)       04E2
_CMCON                       (abs)       009C
_CMIE                        (abs)       046E
_CMIF                        (abs)       006E
_CREN                        (abs)       00C4
_CSRC                        (abs)       04C7
_CVR0                        (abs)       04E8
_CVR1                        (abs)       04E9
_CVR2                        (abs)       04EA
_CVR3                        (abs)       04EB
_CVRCON                      (abs)       009D
_CVREN                       (abs)       04EF
_CVROE                       (abs)       04EE
_CVRR                        (abs)       04ED
_DA                          (abs)       04A5
_DC                          (abs)       0019
_EEADR                       (abs)       010D
_EEADRH                      (abs)       010F
_EEADRL                      (abs)       010D
_EECON1                      (abs)       018C
_EECON2                      (abs)       018D
_EEDATA                      (abs)       010C
_EEDATH                      (abs)       010E
_EEIE                        (abs)       046C
_EEIF                        (abs)       006C
_EEPGD                       (abs)       0C67
_FERR                        (abs)       00C2
_FSR                         (abs)       0004
_GCEN                        (abs)       048F
_GIE                         (abs)       005F
_GODONE                      (abs)       00FA
_IBF                         (abs)       044F
_IBOV                        (abs)       044D
_INDF                        (abs)       0000
_INTCON                      (abs)       000B
_INTE                        (abs)       005C
_INTEDG                      (abs)       040E
_INTF                        (abs)       0059
_IRP                         (abs)       001F
_OBF                         (abs)       044E
_OERR                        (abs)       00C1
_OPTION                      (abs)       0081
_PCFG0                       (abs)       04F8
_PCFG1                       (abs)       04F9
_PCFG2                       (abs)       04FA
_PCFG3                       (abs)       04FB
_PCL                         (abs)       0002
_PCLATH                      (abs)       000A
_PCON                        (abs)       008E
_PD                          (abs)       001B
_PEIE                        (abs)       005E
_PEN                         (abs)       048A
_PIE1                        (abs)       008C
_PIE2                        (abs)       008D
_PIR1                        (abs)       000C
_PIR2                        (abs)       000D
_POR                         (abs)       0471
_PORTA                       (abs)       0005
_PORTB                       (abs)       0006
_PORTC                       (abs)       0007
_PORTD                       (abs)       0008
_PORTE                       (abs)       0009
_PR2                         (abs)       0092
_PS0                         (abs)       0408
_PS1                         (abs)       0409
_PS2                         (abs)       040A
_PSA                         (abs)       040B
_PSPIE                       (abs)       0467
_PSPIF                       (abs)       0067
_PSPMODE                     (abs)       044C
_RA0                         (abs)       0028
_RA1                         (abs)       0029
_RA2                         (abs)       002A
_RA3                         (abs)       002B
_RA4                         (abs)       002C
_RA5                         (abs)       002D
_RB0                         (abs)       0030
_RB1                         (abs)       0031
_RB2                         (abs)       0032
_RB3                         (abs)       0033
_RB4                         (abs)       0034
_RB5                         (abs)       0035
_RB6                         (abs)       0036
_RB7                         (abs)       0037
_RBIE                        (abs)       005B
_RBIF                        (abs)       0058
_RBPU                        (abs)       040F
_RC0                         (abs)       0038
_RC1                         (abs)       0039
_RC2                         (abs)       003A
_RC3                         (abs)       003B
_RC4                         (abs)       003C
_RC5                         (abs)       003D
_RC6                         (abs)       003E
_RC7                         (abs)       003F
_RCEN                        (abs)       048B
_RCIE                        (abs)       0465
_RCIF                        (abs)       0065
_RCREG                       (abs)       001A
_RCSTA                       (abs)       0018
_RD                          (abs)       0C60
_RD0                         (abs)       0040
_RD1                         (abs)       0041
_RD2                         (abs)       0042
_RD3                         (abs)       0043
_RD4                         (abs)       0044
_RD5                         (abs)       0045
_RD6                         (abs)       0046
_RD7                         (abs)       0047
_RE0                         (abs)       0048
_RE1                         (abs)       0049
_RE2                         (abs)       004A
_RP0                         (abs)       001D
_RP1                         (abs)       001E
_RSEN                        (abs)       0489
_RW                          (abs)       04A2
_RX9                         (abs)       00C6
_RX9D                        (abs)       00C0
_SEN                         (abs)       0488
_SMP                         (abs)       04A7
_SPBRG                       (abs)       0099
_SPEN                        (abs)       00C7
_SREN                        (abs)       00C5
_SSPADD                      (abs)       0093
_SSPBUF                      (abs)       0013
_SSPCON                      (abs)       0014
_SSPCON2                     (abs)       0091
_SSPEN                       (abs)       00A5
_SSPIE                       (abs)       0463
_SSPIF                       (abs)       0063
_SSPM0                       (abs)       00A0
_SSPM1                       (abs)       00A1
_SSPM2                       (abs)       00A2
_SSPM3                       (abs)       00A3
_SSPOV                       (abs)       00A6
_SSPSTAT                     (abs)       0094
_START                       (abs)       04A3
_STATUS                      (abs)       0003
_STOP                        (abs)       04A4
_SYNC                        (abs)       04C4
_T0CS                        (abs)       040D
_T0IE                        (abs)       005D
_T0IF                        (abs)       005A
_T0SE                        (abs)       040C
_T1CKPS0                     (abs)       0084
_T1CKPS1                     (abs)       0085
_T1CON                       (abs)       0010
_T1OSCEN                     (abs)       0083
_T1SYNC                      (abs)       0082
_T2CKPS0                     (abs)       0090
_T2CKPS1                     (abs)       0091
_T2CON                       (abs)       0012
_TMR0                        (abs)       0001
_TMR0IE                      (abs)       005D
_TMR0IF                      (abs)       005A
_TMR1CS                      (abs)       0081
_TMR1H                       (abs)       000F
_TMR1IE                      (abs)       0460
_TMR1IF                      (abs)       0060
_TMR1L                       (abs)       000E
_TMR1ON                      (abs)       0080
_TMR2                        (abs)       0011
_TMR2IE                      (abs)       0461
_TMR2IF                      (abs)       0061
_TMR2ON                      (abs)       0092
_TO                          (abs)       001C
_TOUTPS0                     (abs)       0093
_TOUTPS1                     (abs)       0094
_TOUTPS2                     (abs)       0095
_TOUTPS3                     (abs)       0096
_TRISA                       (abs)       0085
_TRISA0                      (abs)       0428
_TRISA1                      (abs)       0429
_TRISA2                      (abs)       042A
_TRISA3                      (abs)       042B
_TRISA4                      (abs)       042C
_TRISA5                      (abs)       042D
_TRISB                       (abs)       0086
_TRISB0                      (abs)       0430
_TRISB1                      (abs)       0431
_TRISB2                      (abs)       0432
_TRISB3                      (abs)       0433
_TRISB4                      (abs)       0434
_TRISB5                      (abs)       0435
_TRISB6                      (abs)       0436
_TRISB7                      (abs)       0437
_TRISC                       (abs)       0087
_TRISC0                      (abs)       0438
_TRISC1                      (abs)       0439
_TRISC2                      (abs)       043A
_TRISC3                      (abs)       043B
_TRISC4                      (abs)       043C
_TRISC5                      (abs)       043D
_TRISC6                      (abs)       043E
_TRISC7                      (abs)       043F
_TRISD                       (abs)       0088
_TRISD0                      (abs)       0440
_TRISD1                      (abs)       0441
_TRISD2                      (abs)       0442
_TRISD3                      (abs)       0443
_TRISD4                      (abs)       0444
_TRISD5                      (abs)       0445
_TRISD6                      (abs)       0446
_TRISD7                      (abs)       0447
_TRISE                       (abs)       0089
_TRISE0                      (abs)       0448
_TRISE1                      (abs)       0449
_TRISE2                      (abs)       044A
_TRMT                        (abs)       04C1
_TX9                         (abs)       04C6
_TX9D                        (abs)       04C0
_TXEN                        (abs)       04C5
_TXIE                        (abs)       0464
_TXIF                        (abs)       0064
_TXREG                       (abs)       0019
_TXSTA                       (abs)       0098
_UA                          (abs)       04A1
_WCOL                        (abs)       00A7
_WR                          (abs)       0C61
_WREN                        (abs)       0C62
_WRERR                       (abs)       0C63
_ZERO                        (abs)       001A
__Beeprom_data               eeprom_data 2100
__Bnvbit_0                   nvbit_0     0E3A
__Bnvbit_1                   nvbit_1     00A0
__Bnvbit_2                   nvbit_2     0110
__Bnvbit_3                   nvbit_3     0190
__Bptbit_0                   ptbit_0     0E3A
__Brbit_0                    rbit_0      007E
__Brbit_1                    rbit_1      00A0
__Brbit_2                    rbit_2      0110
__Brbit_3                    rbit_3      0190
__Hclrtext                   clrtext     0015
__Hcode                      code        0E3A
__Hcommon                    (abs)       007E
__Hconfig                    config      2008
__Heeprom_data               eeprom_data 0000
__Hend_init                  end_init    000D
__Hfloat_text0               float_text0 071D
__Hfloat_text1               float_text1 071D
__Hfloat_text2               float_text2 071D
__Hfloat_text3               float_text3 071D
__Hfloat_text4               float_text4 071D
__Hfnauto0                   fnauto0     004B
__Hfnauto1                   fnauto1     00A0
__Hfnauto2                   fnauto2     0110
__Hfnauto3                   fnauto3     0190
__Hfnautoc                   fnautoc     007E
__Hidata                     idata       071D
__Hidata_0                   idata_0     071D
__Hidata_1                   idata_1     071D
__Hidata_2                   idata_2     071D
__Hidata_3                   idata_3     071D
__Hidloc                     idloc       2000
__Hinit                      init        0009
__Hinit23                    init23      0009
__Hintcode                   intcode     0000
__Hintentry                  intentry    0000
__Hintret                    intret      0000
__Hintsave                   intsave     0E3A
__Hintsave_1                 intsave_1   0E3A
__Hintsave_2                 intsave_2   0E3A
__Hintsave_3                 intsave_3   0E3A
__Hmaintext                  maintext    01F1
__Hnvbit_0                   nvbit_0     71D0
__Hnvbit_1                   nvbit_1     0500
__Hnvbit_2                   nvbit_2     0880
__Hnvbit_3                   nvbit_3     0C80
__Hnvram                     nvram       007E
__Hnvram_1                   nvram_1     00A0
__Hnvram_2                   nvram_2     0110
__Hnvram_3                   nvram_3     0190
__Hpowerup                   powerup     071D
__Hpstrings                  pstrings    01F1
__Hptbit_0                   ptbit_0     71D0
__Hramdata                   (abs)       0001
__Hrbit_0                    rbit_0      03F0
__Hrbit_1                    rbit_1      0500
__Hrbit_2                    rbit_2      0880
__Hrbit_3                    rbit_3      0C80
__Hrbss_0                    rbss_0      007E
__Hrbss_1                    rbss_1      00A0
__Hrbss_2                    rbss_2      0110
__Hrbss_3                    rbss_3      0190
__Hrdata_0                   (abs)       0001
__Hrdata_1                   rdata_1     00A0
__Hrdata_2                   rdata_2     0110
__Hrdata_3                   rdata_3     0190
__Hreset_vec                 reset_vec   0000
__Hstrings                   strings     071D
__Hstruct                    struct      007E
__Htemp                      temp        007E
__Htext                      text        0E3A
__Lclrtext                   clrtext     000D
__Lcode                      code        0E3A
__Lcommon                    (abs)       007D
__Lconfig                    config      2007
__Leeprom_data               eeprom_data 0000
__Lend_init                  end_init    0009
__Lfloat_text0               float_text0 071D
__Lfloat_text1               float_text1 071D
__Lfloat_text2               float_text2 071D
__Lfloat_text3               float_text3 071D
__Lfloat_text4               float_text4 071D
__Lfnauto0                   fnauto0     0020
__Lfnauto1                   fnauto1     00A0
__Lfnauto2                   fnauto2     0110
__Lfnauto3                   fnauto3     0190
__Lfnautoc                   fnautoc     007E
__Lidata                     idata       071D
__Lidata_0                   idata_0     071D
__Lidata_1                   idata_1     071D
__Lidata_2                   idata_2     071D
__Lidata_3                   idata_3     071D
__Lidloc                     idloc       2000
__Linit                      init        0000
__Linit23                    init23      0009
__Lintcode                   intcode     0000
__Lintentry                  intentry    0000
__Lintret                    intret      0000
__Lintsave                   intsave     0E3A
__Lintsave_1                 intsave_1   0E3A
__Lintsave_2                 intsave_2   0E3A
__Lintsave_3                 intsave_3   0E3A
__Lmaintext                  maintext    0015
__Lnvbit_0                   nvbit_0     71D0
__Lnvbit_1                   nvbit_1     0500
__Lnvbit_2                   nvbit_2     0880
__Lnvbit_3                   nvbit_3     0C80
__Lnvram                     nvram       007E
__Lnvram_1                   nvram_1     00A0
__Lnvram_2                   nvram_2     0110
__Lnvram_3                   nvram_3     0190
__Lpowerup                   powerup     071D
__Lpstrings                  pstrings    01F1
__Lptbit_0                   ptbit_0     71D0
__Lramdata                   (abs)       0000
__Lrbit_0                    rbit_0      03F0
__Lrbit_1                    rbit_1      0500
__Lrbit_2                    rbit_2      0880
__Lrbit_3                    rbit_3      0C80
__Lrbss_0                    rbss_0      007E
__Lrbss_1                    rbss_1      00A0
__Lrbss_2                    rbss_2      0110
__Lrbss_3                    rbss_3      0190
__Lrdata_0                   (abs)       0000
__Lrdata_1                   rdata_1     00A0
__Lrdata_2                   rdata_2     0110
__Lrdata_3                   rdata_3     0190
__Lreset_vec                 reset_vec   0000
__Lstrings                   strings     0700
__Lstruct                    struct      007E
__Ltemp                      temp        007E
__Ltext                      text        0E3A
__S0                         (abs)       2008
__S1                         (abs)       0190
__S2                         (abs)       2100
___awtoft                    text104     04D1
___awtoft_c                  fnauto0     0037
___awtoft_f1                 fnauto0     003A
___ftmul                     text107     065D
___ftmul_cntr                fnauto0     003F
___ftmul_exp1                fnauto0     003E
___ftmul_f1                  fnauto0     0037
___ftmul_f2                  fnauto0     003A
___ftmul_f3                  fnauto0     0040
___ftmul_sign1               fnauto0     003D
___ftneg                     text115     07E3
___ftneg_f1                  fnauto0     0040
___ftpack                    text116     071D
___ftpack_arg                fnauto0     0045
___ftpack_exp                fnauto0     0044
___fttol                     text105     05EA
___fttol_exp1                fnauto0     003C
___fttol_f1                  fnauto0     0037
___fttol_lval                fnauto0     003D
___fttol_sign1               fnauto0     003B
___ftunpack                  text112     0521
___ftunpack_arg              fnauto0     0045
___ftunpack_exp              fnauto0     0044
___ftunpack_sign             fnauto0     0046
___lldiv                     text109     057B
___lldiv_counter             fnauto0     003F
___lldiv_dividend            fnauto0     0037
___lldiv_divisor             fnauto0     003B
___lldiv_quotient            fnauto0     0040
___llmod                     text111     0434
___llmod_counter             fnauto0     003F
___llmod_dividend            fnauto0     0037
___llmod_divisor             fnauto0     003B
___lltoft                    text106     0482
___lltoft_c                  fnauto0     0037
___lltoft_exp                fnauto0     003B
___lltoft_f1                 fnauto0     003C
__databank                   (abs)       0000
__end_of___awtoft            text104     0521
__end_of___ftmul             text107     0700
__end_of___ftneg             text115     07EE
__end_of___ftpack            text116     07E3
__end_of___fttol             text105     065D
__end_of___ftunpack          text112     057B
__end_of___lldiv             text109     05EA
__end_of___llmod             text111     0482
__end_of___lltoft            text106     04D1
__end_of_lcd_init            text108     03A5
__end_of_lcd_write_byte      text113     03EB
__end_of_lcd_write_command   text114     0434
__end_of_lcd_write_word      text110     0371
__end_of_main                maintext    01F1
__stringbase                 strings     070E
__tempreg                    (abs)       0045
_exit                        init        0000
_lcd_init                    text108     0371
_lcd_write_byte              text113     03A5
_lcd_write_byte_byte         fnauto0     003A
_lcd_write_command           text114     03EB
_lcd_write_command_command   fnauto0     0038
_lcd_write_command_temp_data fnauto0     0039
_lcd_write_word              text110     0347
_lcd_write_word_i            fnauto0     0038
_lcd_write_word_word         fnauto0     0037
_main                        maintext    0015
_main_hundreds               fnauto0     0027
_main_ones                   fnauto0     0023
_main_pre                    fnauto0     0020
_main_result                 fnauto0     002F
_main_tens                   fnauto0     002B
_temp                        (abs)       007D
btemp                        (abs)       007E
clear_ram                    clrtext     000D
intlevel0                    intentry    0000
intlevel1                    intentry    0000
intlevel2                    intentry    0000
intlevel3                    intentry    0000
intlevel4                    intentry    0000
intlevel5                    intentry    0000
ltemp0                       (abs)       007E
reset_vec                    reset_vec   0000
start                        init        0000
stringdir                    strings     0709
stringjmp                    strings     070D
stringtab                    strings     0700
ttemp0                       (abs)       007E
wtemp0                       (abs)       007E
wtemp1                       (abs)       0080
